// Vitest Snapshot v1, https://vitest.dev/guide/snapshot.html

exports[`applyDiscount > 回傳值應與快照一致（偵測非預期變更） 1`] = `57.994200000000006`;

exports[`calcCartTotal > 回傳值應與快照一致（偵測非預期變更） 1`] = `NaN`;

exports[`calcItemSubtotal > 回傳值應與快照一致（偵測非預期變更） 1`] = `100`;

exports[`isFreeShipping > 回傳值應與快照一致（偵測非預期變更） 1`] = `true`;

exports[`useCart > 回傳值應與快照一致（偵測非預期變更） 1`] = `
{
  "addItem": [Function],
  "clearCart": [Function],
  "itemCount": ComputedRefImpl {
    "__v_isReadonly": true,
    "__v_isRef": true,
    "_value": undefined,
    "dep": Dep {
      "__v_skip": true,
      "activeLink": undefined,
      "computed": [Circular],
      "key": undefined,
      "map": undefined,
      "sc": 0,
      "subs": undefined,
      "subsHead": undefined,
      "version": 0,
    },
    "deps": undefined,
    "depsTail": undefined,
    "effect": [Circular],
    "flags": 16,
    "fn": [Function],
    "globalVersion": -1,
    "isSSR": false,
    "next": undefined,
    "setter": undefined,
  },
  "items": RefImpl {
    "__v_isRef": true,
    "__v_isShallow": false,
    "_rawValue": [],
    "_value": [],
    "dep": Dep {
      "__v_skip": true,
      "activeLink": undefined,
      "computed": undefined,
      "key": undefined,
      "map": undefined,
      "sc": 0,
      "subs": undefined,
      "subsHead": undefined,
      "version": 0,
    },
  },
  "removeItem": [Function],
  "total": ComputedRefImpl {
    "__v_isReadonly": true,
    "__v_isRef": true,
    "_value": undefined,
    "dep": Dep {
      "__v_skip": true,
      "activeLink": undefined,
      "computed": [Circular],
      "key": undefined,
      "map": undefined,
      "sc": 0,
      "subs": undefined,
      "subsHead": undefined,
      "version": 0,
    },
    "deps": undefined,
    "depsTail": undefined,
    "effect": [Circular],
    "flags": 16,
    "fn": [Function],
    "globalVersion": -1,
    "isSSR": false,
    "next": undefined,
    "setter": undefined,
  },
}
`;
