// Vitest Snapshot v1, https://vitest.dev/guide/snapshot.html

exports[`add > 回傳值應與快照一致（偵測非預期變更） 1`] = `84`;

exports[`average > 回傳值應與快照一致（偵測非預期變更） 1`] = `2`;

exports[`percentage > 回傳值應與快照一致（偵測非預期變更） 1`] = `42.004200420042004`;

exports[`roundTo > 回傳值應與快照一致（偵測非預期變更） 1`] = `42`;

exports[`subtract > 回傳值應與快照一致（偵測非預期變更） 1`] = `0`;
