// Vitest Snapshot v1, https://vitest.dev/guide/snapshot.html

exports[`App.vue > 渲染結果應與快照一致 1`] = `
"<div data-v-7a7a37b1="" class="app-container">
  <header data-v-7a7a37b1="" class="app-header">
    <h1 data-v-7a7a37b1="">Vue 3 TestForge Demo</h1>
    <p data-v-7a7a37b1="">一個用來測試 AST 分析與自動生成測試的 Vue 3 範例專案</p>
  </header>
  <main data-v-7a7a37b1="" class="app-main">
    <section data-v-7a7a37b1="" class="demo-section">
      <h2 data-v-7a7a37b1="">元件 1: LoginForm</h2>
      <div data-v-7a7a37b1="" class="card">
        <form data-v-ba684ca4="" data-v-7a7a37b1="" class="login-form">
          <h2 data-v-ba684ca4="">登入</h2>
          <div data-v-ba684ca4="" class="field"><label data-v-ba684ca4="" for="email">Email</label><input data-v-ba684ca4="" id="email" type="email" placeholder="請輸入 Email" required=""></div>
          <div data-v-ba684ca4="" class="field"><label data-v-ba684ca4="" for="password">密碼</label><input data-v-ba684ca4="" id="password" type="password" placeholder="請輸入密碼" required=""></div>
          <div data-v-ba684ca4="" class="field"><label data-v-ba684ca4=""><input data-v-ba684ca4="" type="checkbox"> 記住我 </label></div>
          <!--v-if--><button data-v-ba684ca4="" type="submit">登入</button><button data-v-ba684ca4="" type="button" class="secondary"> 忘記密碼？ </button><a data-v-ba684ca4="" href="/register">還沒有帳號？立即註冊</a>
        </form>
      </div>
    </section>
    <section data-v-7a7a37b1="" class="demo-section">
      <h2 data-v-7a7a37b1="">元件 2: UserCard</h2>
      <div data-v-7a7a37b1="" class="card user-list">
        <div data-v-d6f62909="" data-v-7a7a37b1="" class="user-card"><img data-v-d6f62909="" src="https://gravatar.com/avatar/xiaoming@example.com?d=identicon" alt="王小明" class="avatar">
          <div data-v-d6f62909="" class="info">
            <h3 data-v-d6f62909="">王小明</h3>
            <p data-v-d6f62909="">xiaoming@example.com</p><span data-v-d6f62909="" class="badge active">啟用</span>
          </div><button data-v-d6f62909="">編輯</button><button data-v-d6f62909="" class="danger">刪除</button>
        </div>
        <div data-v-d6f62909="" data-v-7a7a37b1="" class="user-card"><img data-v-d6f62909="" src="https://gravatar.com/avatar/lisi@example.com?d=identicon" alt="李四" class="avatar">
          <div data-v-d6f62909="" class="info">
            <h3 data-v-d6f62909="">李四</h3>
            <p data-v-d6f62909="">lisi@example.com</p><span data-v-d6f62909="" class="badge inactive">停用</span>
          </div><button data-v-d6f62909="">編輯</button><button data-v-d6f62909="" class="danger">刪除</button>
        </div>
        <div data-v-d6f62909="" data-v-7a7a37b1="" class="user-card"><img data-v-d6f62909="" src="https://gravatar.com/avatar/zhangsan@example.com?d=identicon" alt="張三" class="avatar">
          <div data-v-d6f62909="" class="info">
            <h3 data-v-d6f62909="">張三</h3>
            <p data-v-d6f62909="">zhangsan@example.com</p><span data-v-d6f62909="" class="badge active">啟用</span>
          </div><button data-v-d6f62909="">編輯</button><button data-v-d6f62909="" class="danger">刪除</button>
        </div>
      </div>
    </section>
  </main>
</div>"
`;
